SQL> CREATE TABLE LOCATION(
  2  LOCATION_ID NUMBER(3) CONSTRAINT P_KEY_LOC PRIMARY KEY,
  3  REGIONAL_GROUP VARCHAR2(15));

Table created.

SQL> INSERT INTO LOCATION VALUES(122,'NEW YORK');

1 row created.

SQL> INSERT INTO LOCATION VALUES(123,'DALLAS');

1 row created.

SQL> INSERT INTO LOCATION VALUES(124,'CHICAGO');

1 row created.

SQL> INSERT INTO LOCATION VALUES(167,'BOSTON');

1 row created.

SQL> CREATE TABLE DEPARTMENT(
  2  DEPARTMENT_ID NUMBER(2) CONSTRAINT P_KEY_DEPT PRIMARY KEY,
  3  /
DEPARTMENT_ID NUMBER(2) CONSTRAINT P_KEY_DEPT PRIMARY KEY,
                                                         *
ERROR at line 2:
ORA-00904: : invalid identifier 


SQL> COMMIT;

Commit complete.

SQL> EXIT
